Microchip MPLAB XC8 Compiler V1.21 ()

Linker command line:

-W-3 --edf=C:\Program Files (x86)\Microchip\xc8\v1.21\dat\en_msgs.txt -cs \
  -h+dist/default/debug\BltPIC_Bootloader.X.debug.sym \
  --cmf=dist/default/debug\BltPIC_Bootloader.X.debug.cmf -z -Q18F4431 \
  -oC:\Users\Ramya_S\AppData\Local\Temp\sclg.6 \
  -Mdist/default/debug/BltPIC_Bootloader.X.debug.map -E1 -ver=XC8 \
  -ACODE=00h-03FFh -ACONST=00h-03FFh -ASMALLCONST=0300h-03FFh \
  -AMEDIUMCONST=0300h-03FFh -ACOMRAM=01h-05Fh -AABS1=00h-02EEh \
  -ABIGRAM=01h-02EEh -ARAM=060h-0FFh,0100h-01FFh,0200h-02EEh \
  -ABANK0=060h-0FFh -ABANK1=0100h-01FFh -ABANK2=0200h-02EEh \
  -ASFR=0F60h-0F9Bh,0F9Dh-0FD3h,0FD5h-0FDAh,0FE0h-0FE2h,0FE8h-0FEAh,0FF0h-0FFBh \
  -preset_vec=00h,intcode=08h,intcodelo,powerup,init,end_init \
  -pramtop=0300h -psmallconst=SMALLCONST -pmediumconst=MEDIUMCONST \
  -pconst=CONST -AFARRAM=00h-00h -ACONFIG=0300000h-030000Dh -pconfig=CONFIG \
  -AIDLOC=0200000h-0200007h -pidloc=IDLOC -AEEDATA=0F00000h-0F000FFh \
  -peeprom_data=EEDATA \
  -prdata=COMRAM,nvrram=COMRAM,nvbit=COMRAM,rbss=COMRAM,rbit=COMRAM \
  -pfarbss=FARRAM,fardata=FARRAM,nvFARRAM=FARRAM \
  -pintsave_regs=BIGRAM,bigbss=BIGRAM,bigdata=BIGRAM -pbss=RAM \
  -pidata=CODE,irdata=CODE,ibigdata=CODE,ifardata=CODE \
  C:\Users\Ramya_S\AppData\Local\Temp\sclg.obj \
  dist/default/debug\BltPIC_Bootloader.X.debug.obj 

Object code version is 3.11

Machine type is 18F4431

Call graph: (short form)




                Name                               Link     Load   Length Selector   Space Scale
C:\Users\Ramya_S\AppData\Local\Temp\sclg.obj
                end_init                             A0       A0        4        4       0
                reset_vec                             0        0        6        0       0
                idloc                            200000   200000        8   200000       0
                config                           300000   300000        E   300000       0
dist/default/debug\BltPIC_Bootloader.X.debug.obj
                intcode                               8        8       98        4       0
                text8                               36E      36E       12        4       0
                text7                               350      350       1E        4       0
                text6                               32E      32E       22        4       0
                text5                               3A8      3A8        A        4       0
                text4                               29E      29E       52        4       0
                text3                               390      390        E        4       0
                text2                               20C      20C       92        4       0
                text1                                A4       A4      168        4       0
                text0                               380      380       10        4       0
                cstackCOMRAM                          1        1       1B        1       1
                bssBANK0                             60       60       40       60       1
                dataCOMRAM                           1C       1C        A        1       1
                bssCOMRAM                            26       26        4        1       1
                cinit                               2F0      2F0       3E        4       0
                idataCOMRAM                         39E      39E        A        4       0

TOTAL           Name                               Link     Load   Length     Space
        CLASS   CODE           
                end_init                             A0       A0        4         0
                intcode                               8        8       98         0
                reset_vec                             0        0        6         0
                text8                               36E      36E       12         0
                text7                               350      350       1E         0
                text6                               32E      32E       22         0
                text5                               3A8      3A8        A         0
                text4                               29E      29E       52         0
                text3                               390      390        E         0
                text2                               20C      20C       92         0
                text1                                A4       A4      168         0
                text0                               380      380       10         0
                cinit                               2F0      2F0       3E         0
                idataCOMRAM                         39E      39E        A         0

        CLASS   CONST          

        CLASS   SMALLCONST     

        CLASS   MEDIUMCONST    

        CLASS   COMRAM         
                cstackCOMRAM                          1        1       1B         1
                dataCOMRAM                           1C       1C        A         1
                bssCOMRAM                            26       26        4         1

        CLASS   ABS1           

        CLASS   BIGRAM         

        CLASS   RAM            

        CLASS   BANK0          
                bssBANK0                             60       60       40         1

        CLASS   BANK1          

        CLASS   BANK2          

        CLASS   SFR            

        CLASS   FARRAM         

        CLASS   CONFIG         
                config                           300000   300000        E         0

        CLASS   IDLOC          
                idloc                            200000   200000        8         0

        CLASS   EEDATA         



SEGMENTS        Name                           Load    Length   Top    Selector   Space  Class

                reset_vec                      000000  000006  000006         0       0  CODE    
                cstackCOMRAM                   000001  000029  00002A         1       1  COMRAM  
                intcode                        000008  0003AA  0003B2         4       0  CODE    
                bssBANK0                       000060  000040  0000A0        60       1  BANK0   
                idloc                          200000  000008  200008    200000       0  IDLOC   
                config                         300000  00000E  30000E    300000       0  CONFIG  


UNUSED ADDRESS RANGES

        Name                Unused          Largest block    Delta
        BANK0            0000A0-0000FF               60
        BANK1            000100-0001FF              100
        BANK2            000200-0002EE               EF
        BIGRAM           00002A-00005F               36
                         0000A0-0002EE              24F
        CODE             000006-000007                2
                         0003B2-0003FF               4E
        COMRAM           00002A-00005F               36
        CONST            000006-000007                2
                         0003B2-0003FF               4E
        EEDATA           F00000-F000FF              100
        MEDIUMCONST      0003B2-0003FF               4E
        RAM              0000A0-0002EE              100
        SFR              000F60-000F9B               3C
                         000F9D-000FD3               37
                         000FD5-000FDA                6
                         000FE0-000FE2                3
                         000FE8-000FEA                3
                         000FF0-000FFB                C
        SMALLCONST       0003B2-0003FF               4E

                                  Symbol Table

?_sendData__UART                cstackCOMRAM 00000F
_ANSEL0                         (abs)        000FB8
_ANSEL1                         (abs)        000FB9
_EECON1bits                     (abs)        000FA6
_EECON2                         (abs)        000FA7
_INTCONbits                     (abs)        000FF2
_InterruptHandlerHigh           intcode      000008
_PIE1bits                       (abs)        000F9D
_PIR1bits                       (abs)        000F9E
_PORTB                          (abs)        000F81
_RCONbits                       (abs)        000FD0
_RCREG                          (abs)        000FAE
_RCSTA                          (abs)        000FAB
_RCSTAbits                      (abs)        000FAB
_SPBRG                          (abs)        000FAF
_TABLAT                         (abs)        000FF5
_TBLPTRH                        (abs)        000FF7
_TBLPTRL                        (abs)        000FF6
_TBLPTRU                        (abs)        000FF8
_TRISCbits                      (abs)        000F94
_TXREG                          (abs)        000FAD
_TXSTA                          (abs)        000FAC
_TXSTAbits                      (abs)        000FAC
__CFG_BOREN$ON                  (abs)        000000
__CFG_CPD$OFF                   (abs)        000000
__CFG_FCMEN$ON                  (abs)        000000
__CFG_IESO$ON                   (abs)        000000
__CFG_LVP$ON                    (abs)        000000
__CFG_MCLRE$ON                  (abs)        000000
__CFG_OSC$HS                    (abs)        000000
__CFG_STVREN$ON                 (abs)        000000
__CFG_WDTEN$OFF                 (abs)        000000
__HRAM                          (abs)        000000
__Habs1                         abs1         000000
__Hbank0                        bank0        000000
__Hbank1                        bank1        000000
__Hbank2                        bank2        000000
__Hbigbss                       bigbss       000000
__Hbigdata                      bigdata      000000
__Hbigram                       bigram       000000
__Hbss                          bss          000000
__HbssBANK0                     bssBANK0     000000
__HbssCOMRAM                    bssCOMRAM    000000
__Hcinit                        cinit        000000
__Hclrtext                      clrtext      000000
__Hcomram                       comram       000000
__Hconfig                       config       30000E
__Hconst                        const        000000
__HcstackCOMRAM                 cstackCOMRAM 000000
__Hdata                         data         000000
__HdataCOMRAM                   dataCOMRAM   000000
__Heeprom_data                  eeprom_data  000000
__Hend_init                     end_init     0000A4
__Hfarbss                       farbss       000000
__Hfardata                      fardata      000000
__Hibigdata                     ibigdata     000000
__Hidata                        idata        000000
__HidataCOMRAM                  idataCOMRAM  000000
__Hidloc                        idloc        200008
__Hifardata                     ifardata     000000
__Hinit                         init         0000A0
__Hintcode                      intcode      0000A0
__Hintcode_body                 intcode_body 000000
__Hintcodelo                    intcodelo    0000A0
__Hintentry                     intentry     000000
__Hintret                       intret       000000
__Hintsave_regs                 intsave_regs 000000
__Hirdata                       irdata       000000
__Hmediumconst                  mediumconst  000000
__HnvFARRAM                     nvFARRAM     000000
__Hnvbit                        nvbit        000000
__Hnvrram                       nvrram       000000
__Hparam                        rparam       000000
__Hpowerup                      powerup      0000A0
__Hram                          ram          000000
__Hramtop                       ramtop       000300
__Hrbit                         rbit         000000
__Hrbss                         rbss         000000
__Hrdata                        rdata        000000
__Hreset_vec                    reset_vec    000006
__Hrparam                       rparam       000000
__Hsfr                          sfr          000000
__Hsmallconst                   smallconst   000000
__Hstruct                       struct       000000
__Htemp                         temp         000000
__Htext                         text         000000
__Htext0                        text0        000000
__Htext1                        text1        000000
__Htext2                        text2        000000
__Htext3                        text3        000000
__Htext4                        text4        000000
__Htext5                        text5        000000
__Htext6                        text6        000000
__Htext7                        text7        000000
__Htext8                        text8        000000
__LRAM                          (abs)        000001
__Labs1                         abs1         000000
__Lbank0                        bank0        000000
__Lbank1                        bank1        000000
__Lbank2                        bank2        000000
__Lbigbss                       bigbss       000000
__Lbigdata                      bigdata      000000
__Lbigram                       bigram       000000
__Lbss                          bss          000000
__LbssBANK0                     bssBANK0     000000
__LbssCOMRAM                    bssCOMRAM    000000
__Lcinit                        cinit        000000
__Lclrtext                      clrtext      000000
__Lcomram                       comram       000000
__Lconfig                       config       300000
__Lconst                        const        000000
__LcstackCOMRAM                 cstackCOMRAM 000000
__Ldata                         data         000000
__LdataCOMRAM                   dataCOMRAM   000000
__Leeprom_data                  eeprom_data  000000
__Lend_init                     end_init     0000A0
__Lfarbss                       farbss       000000
__Lfardata                      fardata      000000
__Libigdata                     ibigdata     000000
__Lidata                        idata        000000
__LidataCOMRAM                  idataCOMRAM  000000
__Lidloc                        idloc        200000
__Lifardata                     ifardata     000000
__Linit                         init         0000A0
__Lintcode                      intcode      000008
__Lintcode_body                 intcode_body 000000
__Lintcodelo                    intcodelo    0000A0
__Lintentry                     intentry     000000
__Lintret                       intret       000000
__Lintsave_regs                 intsave_regs 000000
__Lirdata                       irdata       000000
__Lmediumconst                  mediumconst  000000
__LnvFARRAM                     nvFARRAM     000000
__Lnvbit                        nvbit        000000
__Lnvrram                       nvrram       000000
__Lparam                        rparam       000000
__Lpowerup                      powerup      0000A0
__Lram                          ram          000000
__Lramtop                       ramtop       000300
__Lrbit                         rbit         000000
__Lrbss                         rbss         000000
__Lrdata                        rdata        000000
__Lreset_vec                    reset_vec    000000
__Lrparam                       rparam       000000
__Lsfr                          sfr          000000
__Lsmallconst                   smallconst   000000
__Lstruct                       struct       000000
__Ltemp                         temp         000000
__Ltext                         text         000000
__Ltext0                        text0        000000
__Ltext1                        text1        000000
__Ltext2                        text2        000000
__Ltext3                        text3        000000
__Ltext4                        text4        000000
__Ltext5                        text5        000000
__Ltext6                        text6        000000
__Ltext7                        text7        000000
__Ltext8                        text8        000000
__S0                            (abs)        30000E
__S1                            (abs)        0000A0
__accesstop                     (abs)        000060
__activetblptr                  (abs)        000002
__end_of_InterruptHandlerHigh   intcode      0000A0
__end_of__initialization        cinit        000324
__end_of_driverConfig__UART     text7        00036E
__end_of_erasePage__Flash       text4        0002F0
__end_of_initVarConfigPort      text8        000380
__end_of_main                   text0        000390
__end_of_runApplcn              text6        000350
__end_of_runStateMachine        text1        00020C
__end_of_sendData__UART         text5        0003B2
__end_of_updateFirmware__Flash  text2        00029E
__end_of_updateTablPtr__Flash   text3        00039E
__initialization                cinit        0002F0
__mediumconst                   mediumconst  000000
__pbssBANK0                     bssBANK0     000060
__pbssCOMRAM                    bssCOMRAM    000026
__pcinit                        cinit        0002F0
__pcstackCOMRAM                 cstackCOMRAM 000001
__pdataCOMRAM                   dataCOMRAM   00001C
__pidataCOMRAM                  idataCOMRAM  00039E
__pintcode                      intcode      000008
__ptext0                        text0        000380
__ptext1                        text1        0000A4
__ptext2                        text2        00020C
__ptext3                        text3        000390
__ptext4                        text4        00029E
__ptext5                        text5        0003A8
__ptext6                        text6        00032E
__ptext7                        text7        000350
__ptext8                        text8        00036E
__ramtop                        ramtop       000300
__size_of_InterruptHandlerHigh  (abs)        000000
__size_of_driverConfig__UART    (abs)        000000
__size_of_erasePage__Flash      (abs)        000000
__size_of_initVarConfigPort     (abs)        000000
__size_of_main                  (abs)        000000
__size_of_runApplcn             (abs)        000000
__size_of_runStateMachine       (abs)        000000
__size_of_sendData__UART        (abs)        000000
__size_of_updateFirmware__Flash (abs)        000000
__size_of_updateTablPtr__Flash  (abs)        000000
__smallconst                    smallconst   000000
_applStartAdd                   bssCOMRAM    000026
_driverConfig__UART             text7        000350
_erasePage__Flash               text4        00029E
_initVarConfigPort              text8        00036E
_main                           text0        000380
_progMemRange                   dataCOMRAM   00001C
_runApplcn                      text6        00032E
_runStateMachine                text1        0000A4
_sendData__UART                 text5        0003A8
_totalNumberOfPacckets          bssCOMRAM    000028
_uart_rxbuffer                  bssBANK0     000060
_uart_rxbuffer_counter          bssCOMRAM    000029
_updateFirmware__Flash          text2        00020C
_updateTablPtr__Flash           text3        000390
end_of_initialization           cinit        000324
erasePage__Flash@rowAdd         cstackCOMRAM 00000F
intlevel0                       text         000000
intlevel1                       text         000000
intlevel2                       text         000000
intlevel3                       text         000000
runApplcn@applcFtr              cstackCOMRAM 00000F
runStateMachine@currentState    cstackCOMRAM 00001B
runStateMachine@i               cstackCOMRAM 00001A
sendData__UART@data             cstackCOMRAM 00000F
start                           init         0000A0
start_initialization            cinit        0002F0
updateFirmware__Flash@bc        cstackCOMRAM 000013
updateFirmware__Flash@bufIndex  cstackCOMRAM 000011
updateFirmware__Flash@size      cstackCOMRAM 00000F


FUNCTION INFORMATION:

 *************** function _main *****************
 Defined at:
		line 42 in file "main.c"
 Parameters:    Size  Location     Type
		None
 Auto vars:     Size  Location     Type
		None
 Return value:  Size  Location     Type
		None               void
 Registers used:
		wreg, fsr0l, fsr0h, fsr1l, fsr1h, fsr1l, fsr1h, fsr2l, fsr2h, status,2, status,0, pclat, btemp, btemp+1, btemp+2, btemp+3, btemp+4, btemp+5, btemp+6, btemp+7, tosl, structret, tblptrl, tblptrh, tblptru, prodl, prodh, bsr, cstack
 Tracked objects:
		On entry : 
		On exit  : 
		Unchanged: 
 Data sizes:     COMRAM   BANK0   BANK1   BANK2
      Params:         0       0       0       0
      Locals:         0       0       0       0
      Temps:          0       0       0       0
      Totals:         0       0       0       0
Total ram usage:        0 bytes
 Hardware stack levels required when called:    4
 This function calls:
		_initVarConfigPort
		_driverConfig__UART
		_runStateMachine
 This function is called by:
		Startup code after reset
 This function uses a non-reentrant model


 *************** function _runStateMachine *****************
 Defined at:
		line 81 in file "main.c"
 Parameters:    Size  Location     Type
		None
 Auto vars:     Size  Location     Type
  currentState    1   26[COMRAM] enum E4667
  i               1   25[COMRAM] unsigned char 
 Return value:  Size  Location     Type
		None               void
 Registers used:
		wreg, fsr2l, fsr2h, status,2, status,0, pclat, tosl, prodl, prodh, cstack
 Tracked objects:
		On entry : 
		On exit  : 
		Unchanged: 
 Data sizes:     COMRAM   BANK0   BANK1   BANK2
      Params:         0       0       0       0
      Locals:         2       0       0       0
      Temps:          5       0       0       0
      Totals:         7       0       0       0
Total ram usage:        7 bytes
 Hardware stack levels used:    1
 Hardware stack levels required when called:    3
 This function calls:
		_runApplcn
		_sendData__UART
		_erasePage__Flash
		_updateTablPtr__Flash
		_updateFirmware__Flash
 This function is called by:
		_main
 This function uses a non-reentrant model


 *************** function _updateFirmware__Flash *****************
 Defined at:
		line 41 in file "FlashDriver.c"
 Parameters:    Size  Location     Type
		None
 Auto vars:     Size  Location     Type
  bc              2   18[COMRAM] int 
  bufIndex        2   16[COMRAM] int 
  size            2   14[COMRAM] int 
 Return value:  Size  Location     Type
		None               void
 Registers used:
		wreg, fsr2l, fsr2h, status,2, status,0
 Tracked objects:
		On entry : 
		On exit  : 
		Unchanged: 
 Data sizes:     COMRAM   BANK0   BANK1   BANK2
      Params:         0       0       0       0
      Locals:         6       0       0       0
      Temps:          0       0       0       0
      Totals:         6       0       0       0
Total ram usage:        6 bytes
 Hardware stack levels used:    1
 Hardware stack levels required when called:    1
 This function calls:
		Nothing
 This function is called by:
		_runStateMachine
 This function uses a non-reentrant model


 *************** function _updateTablPtr__Flash *****************
 Defined at:
		line 84 in file "FlashDriver.c"
 Parameters:    Size  Location     Type
		None
 Auto vars:     Size  Location     Type
		None
 Return value:  Size  Location     Type
		None               void
 Registers used:
		wreg, status,2
 Tracked objects:
		On entry : 
		On exit  : 
		Unchanged: 
 Data sizes:     COMRAM   BANK0   BANK1   BANK2
      Params:         0       0       0       0
      Locals:         0       0       0       0
      Temps:          0       0       0       0
      Totals:         0       0       0       0
Total ram usage:        0 bytes
 Hardware stack levels used:    1
 Hardware stack levels required when called:    1
 This function calls:
		Nothing
 This function is called by:
		_runStateMachine
 This function uses a non-reentrant model


 *************** function _erasePage__Flash *****************
 Defined at:
		line 93 in file "FlashDriver.c"
 Parameters:    Size  Location     Type
		None
 Auto vars:     Size  Location     Type
  rowAdd          2   14[COMRAM] unsigned short 
 Return value:  Size  Location     Type
		None               void
 Registers used:
		wreg, status,2, status,0, prodl, prodh
 Tracked objects:
		On entry : 
		On exit  : 
		Unchanged: 
 Data sizes:     COMRAM   BANK0   BANK1   BANK2
      Params:         0       0       0       0
      Locals:         2       0       0       0
      Temps:          0       0       0       0
      Totals:         2       0       0       0
Total ram usage:        2 bytes
 Hardware stack levels used:    1
 Hardware stack levels required when called:    1
 This function calls:
		Nothing
 This function is called by:
		_runStateMachine
 This function uses a non-reentrant model


 *************** function _sendData__UART *****************
 Defined at:
		line 63 in file "UARTDriver.c"
 Parameters:    Size  Location     Type
  data            1   14[COMRAM] unsigned char 
 Auto vars:     Size  Location     Type
		None
 Return value:  Size  Location     Type
		None               void
 Registers used:
		None
 Tracked objects:
		On entry : 
		On exit  : 
		Unchanged: 
 Data sizes:     COMRAM   BANK0   BANK1   BANK2
      Params:         1       0       0       0
      Locals:         0       0       0       0
      Temps:          0       0       0       0
      Totals:         1       0       0       0
Total ram usage:        1 bytes
 Hardware stack levels used:    1
 Hardware stack levels required when called:    1
 This function calls:
		Nothing
 This function is called by:
		_runStateMachine
 This function uses a non-reentrant model


 *************** function _runApplcn *****************
 Defined at:
		line 67 in file "main.c"
 Parameters:    Size  Location     Type
		None
 Auto vars:     Size  Location     Type
  applcFtr        2   14[COMRAM] PTR FTN()void 
		 -> Absolute function(0), 
 Return value:  Size  Location     Type
		None               void
 Registers used:
		wreg, pclat, tosl, cstack
 Tracked objects:
		On entry : 
		On exit  : 
		Unchanged: 
 Data sizes:     COMRAM   BANK0   BANK1   BANK2
      Params:         0       0       0       0
      Locals:         2       0       0       0
      Temps:          0       0       0       0
      Totals:         2       0       0       0
Total ram usage:        2 bytes
 Hardware stack levels used:    1
 Hardware stack levels required when called:    2
 This function calls:
		Absolute function
 This function is called by:
		_runStateMachine
 This function uses a non-reentrant model


 *************** function _driverConfig__UART *****************
 Defined at:
		line 39 in file "UARTDriver.c"
 Parameters:    Size  Location     Type
		None
 Auto vars:     Size  Location     Type
		None
 Return value:  Size  Location     Type
		None               void
 Registers used:
		wreg, status,2
 Tracked objects:
		On entry : 
		On exit  : 
		Unchanged: 
 Data sizes:     COMRAM   BANK0   BANK1   BANK2
      Params:         0       0       0       0
      Locals:         0       0       0       0
      Temps:          0       0       0       0
      Totals:         0       0       0       0
Total ram usage:        0 bytes
 Hardware stack levels used:    1
 Hardware stack levels required when called:    1
 This function calls:
		Nothing
 This function is called by:
		_main
 This function uses a non-reentrant model


 *************** function _initVarConfigPort *****************
 Defined at:
		line 51 in file "main.c"
 Parameters:    Size  Location     Type
		None
 Auto vars:     Size  Location     Type
		None
 Return value:  Size  Location     Type
		None               void
 Registers used:
		wreg, status,2
 Tracked objects:
		On entry : 
		On exit  : 
		Unchanged: 
 Data sizes:     COMRAM   BANK0   BANK1   BANK2
      Params:         0       0       0       0
      Locals:         0       0       0       0
      Temps:          0       0       0       0
      Totals:         0       0       0       0
Total ram usage:        0 bytes
 Hardware stack levels used:    1
 Hardware stack levels required when called:    1
 This function calls:
		Nothing
 This function is called by:
		_main
 This function uses a non-reentrant model


 *************** function _InterruptHandlerHigh *****************
 Defined at:
		line 73 in file "UARTDriver.c"
 Parameters:    Size  Location     Type
		None
 Auto vars:     Size  Location     Type
		None
 Return value:  Size  Location     Type
		None               void
 Registers used:
		wreg, fsr2l, fsr2h, status,2, status,0, prodl, prodh
 Tracked objects:
		On entry : 
		On exit  : 
		Unchanged: 
 Data sizes:     COMRAM   BANK0   BANK1   BANK2
      Params:         0       0       0       0
      Locals:         0       0       0       0
      Temps:         14       0       0       0
      Totals:        14       0       0       0
Total ram usage:       14 bytes
 Hardware stack levels used:    1
 This function calls:
		Nothing
 This function is called by:
		Interrupt level 2
 This function uses a non-reentrant model



MODULE INFORMATION

Module		Function		Class		Link	Load	Size
shared
		__initializatio		CODE           	02F0	0000	52

shared estimated size: 52

main.c
		_initVarConfigP		CODE           	036E	0000	18
		_runApplcn     		CODE           	032E	0000	34
		_main          		CODE           	0380	0000	16
		_runStateMachin		CODE           	00A4	0000	360

main.c estimated size: 428

FlashDriver.c
		_updateFirmware		CODE           	020C	0000	146
		_erasePage__Fla		CODE           	029E	0000	82
		_updateTablPtr_		CODE           	0390	0000	14

FlashDriver.c estimated size: 242

UARTDriver.c
		_driverConfig__		CODE           	0350	0000	30
		_InterruptHandl		CODE           	0008	0000	152
		_sendData__UART		CODE           	03A8	0000	10

UARTDriver.c estimated size: 192

